../Core/Src/main.c:86:6:print_to_screen	16	static
../Core/Src/main.c:91:10:Sensor_read	40	static
../Core/Src/main.c:113:6:alert_left	32	static
../Core/Src/main.c:127:6:alert_right	32	static
../Core/Src/main.c:141:6:alert_front	32	static
../Core/Src/main.c:158:6:test	32	static
../Core/Src/main.c:168:10:mead_distance	88	static
../Core/Src/main.c:197:10:flow	16	static
../Core/Src/main.c:332:5:main	8	static
../Core/Src/main.c:388:6:SystemClock_Config	88	static
../Core/Src/main.c:434:13:MX_TIM1_Init	32	static
../Core/Src/main.c:480:13:MX_USART2_UART_Init	8	static
../Core/Src/main.c:513:13:MX_GPIO_Init	48	static
../Core/Src/main.c:571:6:Error_Handler	4	static,ignoring_inline_asm
